RAM Allocation [bytes]
Variable                                                                          Address   Size
------------------------------------------------------------------------------------------------
sensor6                                                                           0x0160       2
ocr1                                                                              0x0162       2
ocr2                                                                              0x0164       2

EEPROM Allocation [bytes]
Variable                                                                          Address   Size
------------------------------------------------------------------------------------------------

Register Allocation
Variable                                                                          Register  Size
------------------------------------------------------------------------------------------------
sensor1                                                                           R4,R5        2
sensor2                                                                           R6,R7        2
sensor3                                                                           R8,R9        2
sensor4                                                                           R10,R11      2
sensor5                                                                           R12,R13      2

FLASH Allocation [words]
Function                                                                          Address   Size
------------------------------------------------------------------------------------------------
read_adc                                                                          0x00036     14
main                                                                              0x00044    151
